<?xml version="1.0" encoding="UTF-8"?>
<dataset>
	<reserves BookID="1" UserID="1" DateReserved="2011-06-15" />
	<reserves BookID="2" UserID="2" DateReserved="2011-06-15" />
	<reserves BookID="2" UserID="1" DateReserved="2011-06-15" />
	<reserves BookID="3" UserID="1" DateReserved="2011-06-15" />
	<reserves BookID="3" UserID="2" DateReserved="2011-06-16" />
	<reserves BookID="3" UserID="3" DateReserved="2011-06-17" />
	<reserves BookID="2" UserID="4" DateReserved="2011-07-26" />
</dataset>
