<?xml version="1.0" encoding="UTF-8"?>
<dataset>
	<borrows UserID="1" BookID="1" DateRequested="2011-06-15"
		DateBorrowed="2011-06-15" DateReturned="2011-06-15" BorrowID='1' />
	<borrows UserID="2" BookID="2" DateRequested="2011-06-15"
		DateBorrowed="2011-06-15" DateReturned="[null]" BorrowID='2' />
	<borrows UserID="3" BookID="2" DateRequested="2011-06-15"
		DateBorrowed="2011-06-15" DateReturned="[null]" BorrowID='3' />
	<borrows UserID="5" BookID="3" DateRequested="2011-06-15"
		DateBorrowed="2011-06-15" DateReturned="2011-06-15" BorrowID='4' />
	<borrows UserID="1" BookID="2" DateRequested="2011-06-15"
		DateBorrowed="2011-06-15" DateReturned="[null]" BorrowID='5' />
	<borrows UserID="1" BookID="1" DateRequested="2011-06-15"
		DateBorrowed="2011-06-15" DateReturned="[null]" BorrowID='6' />
	<borrows UserID="1" BookID="5" DateRequested="2011-06-15"
		DateBorrowed="2011-06-15" DateReturned="[null]" BorrowID='7' />
	<borrows UserID="1" BookID="6" DateRequested="2011-07-22"
		DateBorrowed="[null]" DateReturned="[null]" BorrowID='0' />		
</dataset>
